2026-09-24 12:34:51 ERROR [main] service.TransactionServiceImpl - Withdraw failed for account 1000: insufficient funds
2026-09-24 12:34:51  INFO [main] service.AccountServiceImpl - Account 1000 logged in successfully
2026-09-24 12:41:56  INFO [main] persistence.AccountDAOImpl - Database schema initialized
2026-09-24 12:41:56  INFO [main] persistence.TransactionDAOImpl - Database schema initialized
2026-09-24 12:42:11  INFO [main] persistence.AccountDAOImpl - New account 1000 created
2026-09-24 12:42:11  INFO [main] service.AccountServiceImpl - New account 1000 created succesfully
2026-09-24 12:46:59  INFO [main] persistence.AccountDAOImpl - Database schema initialized
2026-09-24 12:46:59  INFO [main] persistence.TransactionDAOImpl - Database schema initialized
2026-09-24 12:47:08  INFO [main] service.AccountServiceImpl - Account 1000 logged in successfully
2026-09-24 12:47:54  INFO [main] persistence.AccountDAOImpl - Account 1000 balance updated
2026-09-24 12:47:54  INFO [main] persistence.TransactionDAOImpl - New DEPOSIT transaction 5000 recorded
2026-09-24 12:47:54  INFO [main] service.TransactionServiceImpl - $500 deposited to account 1000
2026-09-24 12:49:00  INFO [main] persistence.AccountDAOImpl - Database schema initialized
2026-09-24 12:49:00  INFO [main] persistence.TransactionDAOImpl - Database schema initialized
2026-09-24 12:49:11  INFO [main] persistence.AccountDAOImpl - New account 1001 created
2026-09-24 12:49:11  INFO [main] service.AccountServiceImpl - New account 1001 created succesfully
2026-09-24 12:57:15  INFO [main] persistence.AccountDAOImpl - Database schema initialized
2026-09-24 12:57:15  INFO [main] persistence.TransactionDAOImpl - Database schema initialized
2026-09-24 12:59:12  INFO [main] service.AccountServiceImpl - Account 1000 logged in successfully
2026-09-24 12:59:23  INFO [main] persistence.TransactionDAOImpl - Transaction history for account 1000 accessed
2026-09-24 13:59:34 ERROR [main] service.TransactionServiceImpl - Withdraw failed for account 1000: insufficient funds
2026-09-24 13:59:34  INFO [main] service.AccountServiceImpl - Account 1000 logged in successfully
2026-09-24 15:05:30  INFO [main] persistence.AccountDAOImpl - Database schema initialized
2026-09-24 15:05:30  INFO [main] persistence.TransactionDAOImpl - Database schema initialized
2026-09-24 15:05:37  INFO [main] service.AccountServiceImpl - Account 1000 logged in successfully
2026-09-24 15:06:16  INFO [main] persistence.AccountDAOImpl - Account 1000 balance updated
2026-09-24 15:06:16  INFO [main] persistence.AccountDAOImpl - Account 1001 balance updated
2026-09-24 15:06:16  INFO [main] persistence.TransactionDAOImpl - New TRANSFER transaction 5001 recorded
2026-09-24 15:06:16  INFO [main] service.TransactionServiceImpl - Transferred $300 from account 1000 into account 1001
2026-09-24 15:06:29  INFO [main] service.AccountServiceImpl - Account 1001 logged in successfully
2026-09-24 15:06:31  INFO [main] persistence.TransactionDAOImpl - Transaction history for account 1001 accessed
2026-09-24 15:07:08  INFO [main] persistence.AccountDAOImpl - Account 1001 balance updated
2026-09-24 15:07:08  INFO [main] persistence.TransactionDAOImpl - New DEPOSIT transaction 5002 recorded
2026-09-24 15:07:08  INFO [main] service.TransactionServiceImpl - $100 deposited to account 1001
2026-09-24 15:07:19  INFO [main] persistence.AccountDAOImpl - Account 1001 balance updated
2026-09-24 15:07:19  INFO [main] persistence.TransactionDAOImpl - New WITHDRAW transaction 5003 recorded
2026-09-24 15:07:19  INFO [main] service.TransactionServiceImpl - $200 withdrew from account 1001
2026-09-24 15:07:23  INFO [main] persistence.TransactionDAOImpl - Transaction history for account 1001 accessed
2026-09-24 15:50:35  INFO [main] persistence.AccountDAOImpl - Database schema initialized
2026-09-24 15:50:35  INFO [main] persistence.TransactionDAOImpl - Database schema initialized
2026-09-24 15:50:48  INFO [main] service.AccountServiceImpl - Account 1000 logged in successfully
